// Vitest Snapshot v1, https://vitest.dev/guide/snapshot.html

exports[`parseCustomMealName > parses or explicitly rejects every legacy name 1`] = `
[
  "Custom Meal - 1 12oz DAAL - 1 DRY SABZI - 8 ROTIS + 1 RAITA",
  "Custom Meal - 1 12oz DAAL - 1 DRY SABZI - 8 ROTIS + 1 SALAD",
  "Custom Meal - 1 12oz MAIN VEG CURRY - 1 NONVEG CURRY - 1 DRY SABZI",
  "Custom Meal - 1 12oz MAIN VEG CURRY +1 DRY SABZI - 2 12oz DAAL - 10 ROTIS",
  "Custom Meal - 1 12oz NON VEG CURRY - 1 8oz VEG CURRY - 1 DRY SABZI + 6 ROTIS",
  "Custom Meal - 1 12OZ NON VEG CURRY - 1 DRY SABZI - 1 RICE + 4 ROTIS",
  "Custom Meal - 1 12oz NON VEG CURRY - 1 DRY SABZI - 4 ROTIS",
  "Custom Meal - 1 12oz NON VEG CURRY - 1 SALAD - 3 ROTIS - -",
  "Custom Meal - 1 12oz NON VEG CURRY + 1 12oz VEG CURRY - 1 8oz DRY SABZI + 1 salad - 6 ROTIS",
  "Custom Meal - 1 12oz NON VEG CURRY + 1 12oz VEG CURRY - 1 8oz DRY SABZI + 1 salad - 8 ROTIS",
  "Custom Meal - 1 12oz NON VEG CURRY + 1 12oz VEG CURRY - 1 DRY SABZI + 1 SALAD + 1 RAITA - 4 ROTIS + 2 RICE",
  "Custom Meal - 1 12oz NON VEG CURRY + 1 12oz VEG CURRY - 1 DRY SABZI + 2RAITA - 1 RICE + 4 ROTIS",
  "Custom Meal - 1 12oz NON VEG CURRY + 2 12oz VEG CURRIES - 1 DRY SABZI - 8 ROTIS",
  "Custom Meal - 1 12oz NON-VEG CURRY - 1 SALAD - 3 ROTIS",
  "Custom Meal - 1 12oz VEG CURRY - 1 12oz Rice - -",
  "Custom Meal - 1 12oz VEG CURRY - 1 DRY SABZI - 1 RICE + 10 ROTIS",
  "Custom Meal - 1 12oz VEG CURRY - 1 NON VEG CURRY - -",
  "Custom Meal - 1 12oz VEG MAIN CURRY - 1 DRY SABZI - 10 ROTIS",
  "Custom Meal - 1 8oz NON VEG CURRY - 1 8oz DAAL - 6 ROTIS",
  "Custom Meal - 1 8oz NON VEG CURRY - 1 8oz VEG CURRY + 1 DRY SABZI - 1 RICE + 6ROTIS",
  "Custom Meal - 1 8oz NON VEG CURRY - 1 8oz VEG CURRY + 1 DRY SABZI - 4 ROTIS",
  "Custom Meal - 1 8oz NON VEG CURRY + 1 8oz VEG CURRY - 1 12oz RICE + 3 ROTIS - -",
  "Custom Meal - 1 8oz NON VEG CURRY + 1 8oz VEG CURRY - 1 DRY SABZI - 1 RICE + 12 ROTIS",
  "Custom Meal - 1 8oz NON VEG CURRY + 1 8oz VEG CURRY - 1 DRY SABZI - 1 RICE + 6ROTIS",
  "Custom Meal - 1 8oz NON VEG CURRY + 1 8oz VEG CURRY - 1 DRY SABZI / 1 SALAD - 1 RICE + 6ROTIS",
  "Custom Meal - 1 8oz NON VEG CURRY +1 8oz VEG CURRY - 1 DRY SABZI - 1 RICE + 6 ROTIS",
  "Custom Meal - 1 8oz NON VEG CURRY +1 8oz VEG CURRY - 1 DRY SABZI - 6 ROTIS",
  "Custom Meal - 1 8oz VEG CURRY + 1 DRY SABZI - 1 12oz VEG CURRIES - 6 Rotis + 1 Rice",
  "Custom Meal - 1 Daal - 1 Dry Sabzi - 8 Rotis + 1 Raita",
  "Custom Meal - 1 Dry Sabzi - 1 Daal - -",
  "Custom Meal - 1 Dry Sabzi +1 Daal - 1 Raita - 8 Rotis",
  "Custom Meal - 1 GOOD TIFFIN - - - -",
  "Custom Meal - 1 GOOD TIFFIN (VEG) + 1 12oz VEG CURRY - - - -",
  "Custom Meal - 1 MAIN VEG CURRY 120Z +1 DRY SABZI - 2 12OZ DAAL - 10 ROTIS",
  "Custom Meal - 1 NON VEG - 1 VEG CURRY - 1 DRY SABZI - 5 ROTIS",
  "Custom Meal - 1 NON VEG - 1 VEG CURRY + 1 DRY SABZI - 5 ROTIS",
  "Custom Meal - 1 NON VEG CURRY - 1 12oz VEG CURRY - 1 RICE",
  "Custom Meal - 1 NON VEG CURRY - 1 8oz VEG CURRY - 1 DRY SABZI + 6 ROTIS",
  "Custom Meal - 1 NON VEG CURRY - 1 DAAL 8oz + 1 DRY SABZI - 2 ROTIS",
  "Custom Meal - 1 NON VEG CURRY - 1 DRY SABZI - 6 ROTIS",
  "Custom Meal - 1 NON VEG CURRY - 1 RICE - -",
  "Custom Meal - 1 NON VEG CURRY - 1 VEG CURRY - 1 RAITA + 6 ROTIS",
  "Custom Meal - 1 NON VEG CURRY + 1 DRY SABZI - 1 SALAD + 1 RAITA - 8 Rotis",
  "Custom Meal - 1 NON VEG CURRY + 1 VEG CURRY - 1 DRY SABZI - 1 RICE + 12 ROTIS",
  "Custom Meal - 1 NON VEG CURRY + 1 VEG CURRY + 1 DRY SABZI - 1 RICE+ 5 ROTIS - 2 RAITA + 1 SALAD",
  "Custom Meal - 1 Non-Veg - 1 Veg Curry - 10 Rotis + 1 Rice",
  "Custom Meal - 1 Non-Veg - 1 Veg Curry - 6 Rotis + 1 Salad",
  "Custom Meal - 1 Non-Veg - 1 Veg Curry - 6 Rotis + 1 Sweet Dish",
  "Custom Meal - 1 Non-Veg + 1 Veg Curry - 1 Dry Sabzi - 3 Rotis",
  "Custom Meal - 1 Non-Veg + 1 Veg Curry - 10 Rotis - 1 Rice",
  "Custom Meal - 1 Non-Veg Curry - 1 Dry Sabzi - 8 Rotis",
  "Custom Meal - 1 Non-Veg Curry - 1 Salad - 3 Rotis",
  "Custom Meal - 1 Non-Veg Curry - 2 Rotis - 1 Rice",
  "Custom Meal - 1 Non-Veg Curry - 3 Rotis - 1 Salad",
  "Custom Meal - 1 Non-Veg Curry - 4 Rotis - -",
  "Custom Meal - 1 Non-Veg Curry(12oz) - 1 Dry Sabzi - 4 ROTIS + 1 RICE",
  "Custom Meal - 1 Non-Veg Curry(12oz) - 1 Dry Sabzi - 6 Rotis",
  "Custom Meal - 1 Non-Veg Curry(12oz) - 1 Dry Sabzi - 8 Rotis",
  "Custom Meal - 1 Non-Veg Curry(8oz) - All 3 Veg(8oz) Curries - -",
  "Custom Meal - 1 NON-VEG GOOD TIFFIN - - - -",
  "Custom Meal - 1 Non-Veg(12oz) - 1 Dry Sabzi - 4 Rotis + 1 Rice",
  "Custom Meal - 1 Non-Veg(12oz) + 1 Veg(12oz) + 1 Rice + 1 Raita",
  "Custom Meal - 1 Non-Veg(12oz) + 1 Veg(12oz) + 1 Veg(8oz) + 2 Rotis + 1 Rice + 1 Raita + 1 Salad",
  "Custom Meal - 1 Non-Veg(12oz) + 1 Veg(12oz) + 1 Veg(8oz) + 8 Rotis + 1 Raita",
  "Custom Meal - 1 Non-Veg(12oz) + 1 Veg(12oz) + 2 Rotis + 1 Rice + 1 Raita + 1 Salad",
  "Custom Meal - 1 Non-Veg(12oz) + 1 Veg(12oz) + 3 Rotis + 1 Rice + 1 Salad",
  "Custom Meal - 1 Non-Veg(12oz) + 1 Veg(12oz) + 5 Rotis + 1 Raita + 1 Salad",
  "Custom Meal - 1 Non-Veg(12oz) + 1 Veg(12oz) + 6 Rotis + 1 Rice + 1 Raita + 1 Salad",
  "Custom Meal - 1 Non-Veg(12oz) + 1 Veg(12oz) + Veg(8oz)",
  "Custom Meal - 1 Non-Veg(12oz) + 1 Veg(12oz) + Veg(8oz) + 4 Rotis",
  "Custom Meal - 1 Non-Veg(12oz) + 1 Veg(12oz) Dal + 1 Veg (8oz) + 4 Rotis",
  "Custom Meal - 1 Non-Veg(12oz) + 1 Veg(12oz) Dal + 7 Rotis",
  "Custom Meal - 1 Non-Veg(12oz) + 1 Veg(8oz) + 1 salad + 1 Raita + 3 Rotis + 1 Rice",
  "Custom Meal - 1 Non-Veg(12oz) + 1 Veg(8oz) + 3 Rotis + 1 Rice + 1 Raita",
  "Custom Meal - 1 Non-Veg(12oz) + 1 Veg(8oz) + 3 Rotis + 1 Rice + 1 Raita + 1 Salad",
  "Custom Meal - 1 Non-Veg(12oz) + 1 Veg(8oz) + 5 Rotis + 1 Raita + 1 Salad",
  "Custom Meal - 1 Non-Veg(12oz) + 1 Veg(8oz) + 8 Rotis + 1 Salad",
  "Custom Meal - 1 Non-Veg(12oz) + 1 Veg(8oz) + 8 Rotis + 2 Raita",
  "Custom Meal - 1 Non-veg(12oz) + 2 Veg(12 + 8oz) Curries - 4 Rotis\` - -",
  "Custom Meal - 1 Non-Veg(12oz) + 2 Veg(12oz) + 1 Salad",
  "Custom Meal - 1 Non-Veg(12oz) + 2 Veg(8oz) + 1 Veg (12oz) + 4 Rotis + 1 Rice + 1 Raita + 1 Salad",
  "Custom Meal - 1 Non-Veg(12oz) + 2 Veg(8oz) + 4 Rotis + 2 Rice + 1 Raita",
  "Custom Meal - 1 Non-Veg(12oz) Chicken + 1 Veg(12oz) Sabzi + 3 Rotis + 1 Rice + 1 Salad",
  "Custom Meal - 1 Non-Veg(12oz) Curry - 1 Dry Sabzi - 4 Rotis + 1 Rice",
  "Custom Meal - 1 Non-Veg(12oz) Curry - 1 Salad - 4 Rotis",
  "Custom Meal - 1 Non-Veg(8oz) + 1 Nonveg Good Tiffin",
  "Custom Meal - 1 Non-Veg(8oz) + 1 Veg(8oz) + 2 Rotis + 1 Rice + 1 Raita + 1 Salad",
  "Custom Meal - 1 Non-Veg(8oz) + 1 Veg(8oz) + 6 Rotis + 1 Raita",
  "Custom Meal - 1 Non-Veg(8oz) + 1 Veg(8oz) + 8 Rotis + 1 Raita",
  "Custom Meal - 1 Non-Veg(8oz) + 1 Veg(8oz) + 8 Rotis + 1 Salad",
  "Custom Meal - 1 Non-Veg(8oz) + 2 Rotis + 1 Rice + 1 Raita",
  "Custom Meal - 1 Non-Veg/Veg(12oz) Curry - 8 Rotis - -",
  "Custom Meal - 1 Salad",
  "Custom Meal - 1 Veg + 1 Non-Veg Curries - 1 Dry Sabzi - 4 Rotis",
  "Custom Meal - 1 Veg + 1 Non-veg Curry - 1 Dry Sabzi - 6 Rotis + 1 Rice",
  "Custom Meal - 1 Veg + 1 Non-veg Curry - 1 Dry Sabzi + 1 Daal - 8 Rotis",
  "Custom Meal - 1 Veg + 1 Non-Veg Curry - 3 Rotis - 1 Rice",
  "Custom Meal - 1 Veg + 1 Non-Veg Curry - 8 Rotis - -",
  "Custom Meal - 1 Veg Curry - 1 Rice Container - -",
  "Custom Meal - 1 Veg Curry - 2 Dry Sabzis - 8 Rotis",
  "Custom Meal - 1 Veg Curry - 2 Rice Containers - -",
  "Custom Meal - 1 Veg Curry - 2 Rotis - 1 Rice",
  "Custom Meal - 1 Veg Curry - 4 Rotis - -",
  "Custom Meal - 1 Veg Curry(12oz) - 1 Dry Sabzi - 6 Rotis + 1 Rice",
  "Custom Meal - 1 Veg Curry(8oz) - 1 Dry Sabzi - 8 Rotis",
  "Custom Meal - 1 VEG GOOD TIFFIN - - - -",
  "Custom Meal - 1 Veg Main Dish - 1 Dry Sabzi - 7 Rotis",
  "Custom Meal - 1 Veg sabzi(8oz) + 1 Non-Veg(8oz) Curry - 1 Raita +1 Salad - 3 Rotis + 1 Rice",
  "Custom Meal - 1 Veg(12oz) + 1 Daal(12oz)",
  "Custom Meal - 1 Veg(12oz) + 1 Non-Veg(12oz) - 1 Salad + 1 Raita - 2 RICE",
  "Custom Meal - 1 Veg(12oz) + 1 Non-Veg(12oz) - 1 Salad + 1 Raita - 6 Rotis + 1 Rice",
  "Custom Meal - 1 Veg(12oz) + 1 Non-Veg(12oz) Curry - 1 Raita +1 Salad - 4 Rotis + 1 Rice",
  "Custom Meal - 1 Veg(12oz) + 1 Non-veg(12oz) Curry - 1 Salad + 1 Raita - 6 Rotis + 1 Rice",
  "Custom Meal - 1 Veg(12oz) + 1 Non-Veg(12oz) Curry - 2 Raita +1 Salad - 4 Rotis + 1 Rice",
  "Custom Meal - 1 Veg(12oz) + 1 Veg (8oz) + 4 Rotis + 1 Raita",
  "Custom Meal - 1 Veg(12oz) + 1 Veg(8oz) + 8 Rotis + 1 Salad",
  "Custom Meal - 1 Veg(12oz) + 2 Rotis + 1 Rice + 1 Salad",
  "Custom Meal - 1 Veg(12oz) + 3 Rotis + 1 Rice + 1 Salad",
  "Custom Meal - 1 Veg(12oz) + 4 Rotis + 1 Rice + 1 Salad",
  "Custom Meal - 1 Veg(12oz) 1 Veg(8oz) + 3 Rotis + 1 Rice",
  "Custom Meal - 1 Veg(12oz) veg + 2 Rotis",
  "Custom Meal - 1 Veg(8oz) + 1 daal(8oz) + 1 Rice + 1 Raita",
  "Custom Meal - 1 Veg(8oz) + 1 Non-Veg(8oz) Curry - 1 20oz RICE - -",
  "Custom Meal - 1 Veg(8oz) + 1 Non-Veg(8oz) Curry - 1 Raita - 8 Rotis",
  "Custom Meal - 1 Veg(8oz) + 1 Non-Veg(8oz) Curry - 1 Raita +1 Salad - 3 Rotis + 1 Rice",
  "Custom Meal - 1 Veg(8oz) + 1 Veg (8oz) + 1 Raita",
  "Custom Meal - 1 Veg(8oz) + 2 daal(8oz) + 9 Rotis",
  "Custom Meal - 1 Veg(8oz) + 2 Non-Veg(8oz) Curry - 1 Raita - 10 Rotis",
  "Custom Meal - 1 Veg(8oz) Sabzi + 1 Veg(8oz) Dal + 2 Rice",
  "Custom Meal - 2 12oz NON VEG CURRIES - 1 12oz VEG CURRY + 1 DRY SABZI - 1 RICE + 6ROTIS",
  "Custom Meal - 2 12oz NON VEG CURRIES - 4 ROTIS + 1 RAITA - -",
  "Custom Meal - 2 12oz VEG CURRIES - 1 DRY SABZI - 6 ROTIS",
  "Custom Meal - 2 12oz VEG CURRIES - 1 SALAD + 1 RAITA - 10 ROTIS + 1 RICE",
  "Custom Meal - 2 12oz VEG CURRIES - 2 8oz VEG CURRIES + 1 DRY SABZI - 8 ROTIS + 1 RICE",
  "Custom Meal - 2 12oz VEG CURRIES - 2 SALAD - 8 Rotis",
  "Custom Meal - 2 12oz VEG CURRIES + 1 8oz DRY SABZI - 1 SALAD + 1 RAITA - 16 ROTIS",
  "Custom Meal - 2 80z NON VEG CURRIES - 1 8oz VEG CURRY - 1 RAITA + 10 ROTIS",
  "Custom Meal - 2 8oz NON VEG CURRY - 1 8oz VEG CURRY + 1 DRY SABZI - -",
  "Custom Meal - 2 8oz VEG CURRIES - 1 DRY SABZI - -",
  "Custom Meal - 2 8oz VEG CURRIES - 1 DRY SABZI - 1 RICE + 6ROTIS",
  "Custom Meal - 2 8oz VEG CURRIES - 1 DRY SABZI - 1 RICE + 6ROTIS - -",
  "Custom Meal - 2 8oz VEG CURRIES - 1 DRY SABZI - 2 RICE + 6ROTIS - -",
  "Custom Meal - 2 8oz VEG CURRIES - 1 DRY SABZI - 7 ROTIS",
  "Custom Meal - 2 8oz VEG CURRIES - 1 DRY SABZI / 1 SALAD - 1 RICE + 6ROTIS",
  "Custom Meal - 2 dry sabzi (8oz) - 10 Rotis - -",
  "Custom Meal - 2 GOOD TIFFIN - - - -",
  "Custom Meal - 2 GOOD TIFFINS - - - -",
  "Custom Meal - 2 NON VEG CURRIES - - - -",
  "Custom Meal - 2 NON VEG CURRIES - 1 DAAL - 3 ROTIS + 1 RICE",
  "Custom Meal - 2 NON VEG CURRIES - 1 SALAD - 1 RICE + 6ROTIS",
  "Custom Meal - 2 NON VEG CURRIES - 10 ROTIS - -",
  "Custom Meal - 2 NON VEG CURRIES - 2 SALAD - 6 ROTIS",
  "Custom Meal - 2 NON VEG CURRIES - 2 VEG CURRIES - 12 ROTIS + 2 RICE",
  "Custom Meal - 2 NON VEG CURRIES - 6 ROTIS - 1 RICE",
  "Custom Meal - 2 NON VEG CURRIES - ONE DAL - 3 ROTIS + 1 RICE",
  "Custom Meal - 2 NON VEG CURRY - 8 ROTIS - -",
  "Custom Meal - 2 NON VEG CURRY +1 DRY SABZI - 1 SALAD + 1 RAITA - 8 ROTIS",
  "Custom Meal - 2 Non-Veg Curries - - - -",
  "Custom Meal - 2 Non-Veg Curries - 1 Daal - 2 Rotis + 2 Rice",
  "Custom Meal - 2 Non-Veg Curries - 1 Daal - 2 Rotis + 2 Rice Containers",
  "Custom Meal - 2 Non-Veg Curries - 1 Daal - 3 Rotis + 1 Rice",
  "Custom Meal - 2 Non-Veg Curries - 1 Dry Sabzi + 1 Daal - 2 Rice Boxes",
  "Custom Meal - 2 Non-Veg Curries - 1 Veg Curry + 1 Dry Sabzi - 10 Rotis",
  "Custom Meal - 2 NON-VEG CURRIES - 2 SALAD - 6 ROTIS",
  "Custom Meal - 2 Non-Veg Curries - 2 Veg Curries - 12 Rotis + 2 Rice",
  "Custom Meal - 2 Non-Veg Curries - 6 Rotis - -",
  "Custom Meal - 2 Non-Veg Curries - 6 Rotis - 1 Raita",
  "Custom Meal - 2 Non-Veg Curries - 6 Rotis - 1 Rice",
  "Custom Meal - 2 Non-Veg Curries - 8 Rotis - -",
  "Custom Meal - 2 Non-Veg Curries - 8 Rotis - 1 Rice",
  "Custom Meal - 2 Non-Veg Curries(12oz) - 1 Daal - 2 Rotis + 2 Rice",
  "Custom Meal - 2 Non-Veg(12oz) - 1 Daal - 3 Rotis + 1 Rice",
  "Custom Meal - 2 Non-Veg(12oz) + 1 Veg(8oz) + 5 Rotis + 1 Rice + 1 Raita + 1 Salad",
  "Custom Meal - 2 Non-Veg(12oz) + 1 Veg(8oz) Daal",
  "Custom Meal - 2 Non-Veg(12oz) + 4 Rotis + 1 Raita",
  "Custom Meal - 2 Non-Veg(8oz) - 2 Daal(8oz) - 2 Dry Sabzi",
  "Custom Meal - 2 Non-Veg(8oz) + 1 Veg(12oz) + 1 Veg (8oz) + 8 Rotis + 1 Rice + 1 Raita + 1 Salad",
  "Custom Meal - 2 Non-Veg(8oz) + 1 Veg(8oz) + 10 Rotis + 1 Raita",
  "Custom Meal - 2 Non-Veg(8oz) + 1 Veg(8oz) + 4 Rotis + 1 Rice + 1 Raita + 1 Salad",
  "Custom Meal - 2 Non-Veg(8oz) + 1 Veg(8oz) + 4 Rotis + 2 Rice + 1 Raita + 1 Salad",
  "Custom Meal - 2 Non-Veg(8oz) + 2 Rotis + 1 Raita",
  "Custom Meal - 2 VEG CURRIES - 1 DRY SABZI - 1 RICE + 4 ROTIS",
  "Custom Meal - 2 VEG CURRIES - 1 DRY SABZI - 4 ROTIS + 1 RICE",
  "Custom Meal - 2 Veg Curries - 1 Dry Sabzi - 6 Rotis",
  "Custom Meal - 2 VEG CURRIES - 1 NON VEG CURRY - 6 ROTIS + 2 RICE",
  "Custom Meal - 2 VEG CURRIES - 1 RICE - 10 ROTIS",
  "Custom Meal - 2 VEG CURRIES - 1 RICE - 5 ROTIS",
  "Custom Meal - 2 Veg Curries - 10 Rotis - -",
  "Custom Meal - 2 Veg Curries - 4 Rotis - 1 Rice",
  "Custom Meal - 2 VEG CURRIES - 8 ROTIS - -",
  "Custom Meal - 2 Veg Curries - 8 Rotis - 1 Rice",
  "Custom Meal - 2 Veg Curries (8oz) - 1 Salad + 1 Raita - 8 Rotis",
  "Custom Meal - 2 VEG GOOD TIFFIN - - - -",
  "Custom Meal - 2 Veg(12oz) + 1 Salad",
  "Custom Meal - 2 Veg(12oz) + 1 Spicy sauce + 12 Rotis",
  "Custom Meal - 2 Veg(12oz) + 1 Veg (8oz) + 8 Rotis + 1 Rice + 2 Raita",
  "Custom Meal - 2 Veg(12oz) + 1 Veg(8oz) + 2 Rice + 2 Raita",
  "Custom Meal - 2 Veg(12oz) + 4 Rotis + 1 Raita",
  "Custom Meal - 2 Veg(12oz) + 5 Rotis + 1 Rice + 1 Salad",
  "Custom Meal - 2 Veg(12oz) + 8 Rotis + 1 Raita",
  "Custom Meal - 2 Veg(12oz) 1 Sabzi, 1 Dal",
  "Custom Meal - 2 Veg(12oz) 1 Veg(8oz)",
  "Custom Meal - 2 Veg(12oz) daal",
  "Custom Meal - 2 Veg(12oz) Sabzi, Daal + 4 Rotis",
  "Custom Meal - 2 Veg(8oz) + 2 Rotis + 1 Rice + 1 Salad",
  "Custom Meal - 2 Veg(8oz) + 4 Rotis + 1 Raita",
  "Custom Meal - 2 Veg(8oz) + 4 Rotis + 1 Rice + 1 Salad",
  "Custom Meal - 2 Veg(8oz) + 5 Rotis + 1 Rice + 1 Raita",
  "Custom Meal - 2 Veg(8oz) + 5 Rotis + 1 Rice + 1 Salad",
  "Custom Meal - 2 Veg(8oz) + 6 Rotis + 1 Raita",
  "Custom Meal - 2 Veg(8oz) + 6 Rotis + 1 Salad",
  "Custom Meal - 2 Veg(8oz) + 8 Rotis + 1 Raita",
  "Custom Meal - 2 Veg(8oz) + extra spicy sauce + 6 Rotis + 1 Rice",
  "Custom Meal - 2 Veg(8oz) 1 Sabzi, 1 Dal + 1 Rice + 1 Raita",
  "Custom Meal - 2 Veg(8oz) Curries - Raita/Salad - 8 Rotis",
  "Custom Meal - 2 Veg(8oz) Sabzi, Dal + 1 Rice",
  "Custom Meal - 2 Veg(8oz) Sabzi, Dal + 8 Rotis",
  "Custom Meal - 3 Good Tiffins - - - -",
  "Custom Meal - 3 Non-Veg Curries - 3 Rice Containers - -",
  "Custom Meal - 3 Non-Veg(8oz) + 4 Rotis + 2 Raita",
  "Custom Meal - 3 Veg Curries (12oz + 12oz + 8oz) - 6 Rotis - -",
  "Custom Meal - 3 Veg(12 + 12 + 8oz) Curries - - - 1 Rice",
  "Custom Meal - 3 Veg(12 + 12 + 8oz) Curries - 1 Salad + 1 Raita - 4 Rotis + 2 Rice",
  "Custom Meal - 3 Veg(12 + 12 + 8oz) Curries - 2 Raita - 2 Rotis + 1 Rice",
  "Custom Meal - 3 Veg(12oz) (2 Sabzi, 1 Daal)",
  "Custom Meal - 3 Veg(12oz) + 12 Rotis + 1 Rice + 1 Raita + 1 Salad",
  "Custom Meal - 3 Veg(8oz) + 1 Raita + 1 Salad",
  "Custom Meal - 3 Veg(8oz) + 5 Rotis + 1 Raita + 1 Salad",
  "Custom Meal - 4 Non-Veg(8oz) + 4 Rotis + 2 Salad",
  "Custom Meal - 4 Veg Curries - - - -",
  "Custom Meal - 8oz NON VEG CURRY +1 8oz VEG CURRY - 1 DRY SABZI - 6 ROTIS",
  "Custom Meal - All 3 Veg Curries - 1 Rice Container - -",
  "Custom Meal - All 3 Veg Curries - 1 Salad - 4 Rotis + 1 Rice",
  "Custom Meal - All 3 Veg Curries - 6 Rotis - 3 Rice Containers",
  "Custom Meal - All 3 Veg Curries (8oz) - 10 Rotis - -",
  "Custom Meal - Customised Trail Plan - - - -",
  "Custom Meal - GOOD TIFFIN - - - -",
  "Custom Meal - NON-VEG GOOD TIFFIN - - - -",
  "Custom Meal - Nothing - - - -",
  "Custom Meal - Test - Test - Test",
  "Custom Meal - Trial - 2 Veg(8oz) + 1 Non-Veg(8oz) Curry - 6 Rotis + 1 Rice",
  "Custom Meal - Trial Non-Veg - 1 Non-Veg(8oz) + 2 Veg(8oz) Curries - 6 Rotis + 1 Rice",
  "Custom Meal - Trial Veg - ALL 3 VEG CURRIES (8oz) - 6 ROTIS + 1 RICE",
  "Custom Meal - Trial Veg - All 3 Veg(8oz) Curries - 6 Rotis + 1 Rice",
  "Custom Meal - VEG GOOD TIFFIN - - - -",
]
`;
